Indexing opening suite...
Started game 2 of 400 (Stockfish vs Helix)
Started game 1 of 400 (Helix vs Stockfish)
Finished game 1 (Helix vs Stockfish): 1-0 {White wins by adjudication}
Score of Helix vs Stockfish: 1 - 0 - 0  [1.000] 1
Started game 3 of 400 (Helix vs Stockfish)
Finished game 2 (Stockfish vs Helix): 0-1 {Black wins by adjudication}
Score of Helix vs Stockfish: 2 - 0 - 0  [1.000] 2
Started game 4 of 400 (Stockfish vs Helix)
Finished game 3 (Helix vs Stockfish): 1-0 {White wins by adjudication}
Score of Helix vs Stockfish: 3 - 0 - 0  [1.000] 3
Started game 5 of 400 (Helix vs Stockfish)
Finished game 4 (Stockfish vs Helix): 0-1 {Black wins by adjudication}
Score of Helix vs Stockfish: 4 - 0 - 0  [1.000] 4
Started game 6 of 400 (Stockfish vs Helix)
Finished game 6 (Stockfish vs Helix): 0-1 {Black wins by adjudication}
Score of Helix vs Stockfish: 5 - 0 - 0  [1.000] 5
Started game 7 of 400 (Helix vs Stockfish)
Finished game 5 (Helix vs Stockfish): 1/2-1/2 {Draw by 3-fold repetition}
Score of Helix vs Stockfish: 5 - 0 - 1  [0.917] 6
Started game 8 of 400 (Stockfish vs Helix)
Finished game 7 (Helix vs Stockfish): 1-0 {White wins by adjudication}
Score of Helix vs Stockfish: 6 - 0 - 1  [0.929] 7
Started game 9 of 400 (Helix vs Stockfish)
Finished game 8 (Stockfish vs Helix): 0-1 {Black wins by adjudication}
Score of Helix vs Stockfish: 7 - 0 - 1  [0.938] 8
Started game 10 of 400 (Stockfish vs Helix)
Finished game 9 (Helix vs Stockfish): 1-0 {White wins by adjudication}
Score of Helix vs Stockfish: 8 - 0 - 1  [0.944] 9
Started game 11 of 400 (Helix vs Stockfish)
Finished game 10 (Stockfish vs Helix): 0-1 {Black wins by adjudication}
Score of Helix vs Stockfish: 9 - 0 - 1  [0.950] 10
Started game 12 of 400 (Stockfish vs Helix)
Finished game 11 (Helix vs Stockfish): 0-1 {Black wins by adjudication}
Score of Helix vs Stockfish: 9 - 1 - 1  [0.864] 11
Started game 13 of 400 (Helix vs Stockfish)
Finished game 12 (Stockfish vs Helix): 1-0 {White wins by adjudication}
Score of Helix vs Stockfish: 9 - 2 - 1  [0.792] 12
Started game 14 of 400 (Stockfish vs Helix)
Finished game 14 (Stockfish vs Helix): 0-1 {Black wins by adjudication}
Score of Helix vs Stockfish: 10 - 2 - 1  [0.808] 13
Started game 15 of 400 (Helix vs Stockfish)
Finished game 13 (Helix vs Stockfish): 1/2-1/2 {Draw by 3-fold repetition}
Score of Helix vs Stockfish: 10 - 2 - 2  [0.786] 14
Started game 16 of 400 (Stockfish vs Helix)
Finished game 15 (Helix vs Stockfish): 1-0 {White wins by adjudication}
Score of Helix vs Stockfish: 11 - 2 - 2  [0.800] 15
Started game 17 of 400 (Helix vs Stockfish)
Finished game 16 (Stockfish vs Helix): 1-0 {White wins by adjudication}
Score of Helix vs Stockfish: 11 - 3 - 2  [0.750] 16
Started game 18 of 400 (Stockfish vs Helix)
Finished game 17 (Helix vs Stockfish): 1-0 {White wins by adjudication}
Score of Helix vs Stockfish: 12 - 3 - 2  [0.765] 17
Started game 19 of 400 (Helix vs Stockfish)
Finished game 18 (Stockfish vs Helix): 0-1 {Black wins by adjudication}
Score of Helix vs Stockfish: 13 - 3 - 2  [0.778] 18
Started game 20 of 400 (Stockfish vs Helix)
Finished game 19 (Helix vs Stockfish): 1-0 {White wins by adjudication}
Score of Helix vs Stockfish: 14 - 3 - 2  [0.789] 19
Started game 21 of 400 (Helix vs Stockfish)
Finished game 20 (Stockfish vs Helix): 0-1 {Black wins by adjudication}
Score of Helix vs Stockfish: 15 - 3 - 2  [0.800] 20
Started game 22 of 400 (Stockfish vs Helix)
Finished game 21 (Helix vs Stockfish): 1/2-1/2 {Draw by 3-fold repetition}
Score of Helix vs Stockfish: 15 - 3 - 3  [0.786] 21
Started game 23 of 400 (Helix vs Stockfish)
Finished game 22 (Stockfish vs Helix): 0-1 {Black wins by adjudication}
Score of Helix vs Stockfish: 16 - 3 - 3  [0.795] 22
Started game 24 of 400 (Stockfish vs Helix)
Finished game 23 (Helix vs Stockfish): 1-0 {White wins by adjudication}
Score of Helix vs Stockfish: 17 - 3 - 3  [0.804] 23
Started game 25 of 400 (Helix vs Stockfish)
Finished game 24 (Stockfish vs Helix): 1-0 {White wins by adjudication}
Score of Helix vs Stockfish: 17 - 4 - 3  [0.771] 24
Started game 26 of 400 (Stockfish vs Helix)
Finished game 26 (Stockfish vs Helix): 1-0 {White wins by adjudication}
Score of Helix vs Stockfish: 17 - 5 - 3  [0.740] 25
Started game 27 of 400 (Helix vs Stockfish)
Finished game 25 (Helix vs Stockfish): 1-0 {White wins by adjudication}
Score of Helix vs Stockfish: 18 - 5 - 3  [0.750] 26
Started game 28 of 400 (Stockfish vs Helix)
Finished game 27 (Helix vs Stockfish): 1-0 {White wins by adjudication}
Score of Helix vs Stockfish: 19 - 5 - 3  [0.759] 27
Started game 29 of 400 (Helix vs Stockfish)
Finished game 28 (Stockfish vs Helix): 0-1 {Black wins by adjudication}
Score of Helix vs Stockfish: 20 - 5 - 3  [0.768] 28
Started game 30 of 400 (Stockfish vs Helix)
Finished game 29 (Helix vs Stockfish): 1-0 {White wins by adjudication}
Score of Helix vs Stockfish: 21 - 5 - 3  [0.776] 29
Started game 31 of 400 (Helix vs Stockfish)
Finished game 30 (Stockfish vs Helix): 0-1 {Black wins by adjudication}
Score of Helix vs Stockfish: 22 - 5 - 3  [0.783] 30
Started game 32 of 400 (Stockfish vs Helix)
Finished game 31 (Helix vs Stockfish): 0-1 {Black wins by adjudication}
Score of Helix vs Stockfish: 22 - 6 - 3  [0.758] 31
Started game 33 of 400 (Helix vs Stockfish)
Finished game 32 (Stockfish vs Helix): 0-1 {Black wins by adjudication}
Score of Helix vs Stockfish: 23 - 6 - 3  [0.766] 32
Started game 34 of 400 (Stockfish vs Helix)
Finished game 33 (Helix vs Stockfish): 1-0 {White wins by adjudication}
Score of Helix vs Stockfish: 24 - 6 - 3  [0.773] 33
Started game 35 of 400 (Helix vs Stockfish)
Finished game 34 (Stockfish vs Helix): 0-1 {Black wins by adjudication}
Score of Helix vs Stockfish: 25 - 6 - 3  [0.779] 34
Started game 36 of 400 (Stockfish vs Helix)
Finished game 35 (Helix vs Stockfish): 0-1 {Black wins by adjudication}
Score of Helix vs Stockfish: 25 - 7 - 3  [0.757] 35
Started game 37 of 400 (Helix vs Stockfish)
Finished game 36 (Stockfish vs Helix): 0-1 {Black wins by adjudication}
Score of Helix vs Stockfish: 26 - 7 - 3  [0.764] 36
Started game 38 of 400 (Stockfish vs Helix)
Finished game 37 (Helix vs Stockfish): 1-0 {White wins by adjudication}
Score of Helix vs Stockfish: 27 - 7 - 3  [0.770] 37
Started game 39 of 400 (Helix vs Stockfish)
Finished game 38 (Stockfish vs Helix): 0-1 {Black wins by adjudication}
Score of Helix vs Stockfish: 28 - 7 - 3  [0.776] 38
Started game 40 of 400 (Stockfish vs Helix)
Finished game 39 (Helix vs Stockfish): 0-1 {Black wins by adjudication}
Score of Helix vs Stockfish: 28 - 8 - 3  [0.756] 39
Started game 41 of 400 (Helix vs Stockfish)
Finished game 40 (Stockfish vs Helix): 0-1 {Black wins by adjudication}
Score of Helix vs Stockfish: 29 - 8 - 3  [0.762] 40
Started game 42 of 400 (Stockfish vs Helix)
Finished game 41 (Helix vs Stockfish): 1-0 {White wins by adjudication}
Score of Helix vs Stockfish: 30 - 8 - 3  [0.768] 41
Started game 43 of 400 (Helix vs Stockfish)
Finished game 42 (Stockfish vs Helix): 1/2-1/2 {Draw by 3-fold repetition}
Score of Helix vs Stockfish: 30 - 8 - 4  [0.762] 42
Started game 44 of 400 (Stockfish vs Helix)
Finished game 43 (Helix vs Stockfish): 0-1 {Black wins by adjudication}
Score of Helix vs Stockfish: 30 - 9 - 4  [0.744] 43
Started game 45 of 400 (Helix vs Stockfish)
Finished game 44 (Stockfish vs Helix): 0-1 {Black wins by adjudication}
Score of Helix vs Stockfish: 31 - 9 - 4  [0.750] 44
Started game 46 of 400 (Stockfish vs Helix)
Finished game 45 (Helix vs Stockfish): 0-1 {Black wins by adjudication}
Score of Helix vs Stockfish: 31 - 10 - 4  [0.733] 45
Started game 47 of 400 (Helix vs Stockfish)
Finished game 46 (Stockfish vs Helix): 0-1 {Black wins by adjudication}
Score of Helix vs Stockfish: 32 - 10 - 4  [0.739] 46
Started game 48 of 400 (Stockfish vs Helix)
Finished game 47 (Helix vs Stockfish): 1-0 {White wins by adjudication}
Score of Helix vs Stockfish: 33 - 10 - 4  [0.745] 47
Started game 49 of 400 (Helix vs Stockfish)
Finished game 48 (Stockfish vs Helix): 0-1 {Black wins by adjudication}
Score of Helix vs Stockfish: 34 - 10 - 4  [0.750] 48
Started game 50 of 400 (Stockfish vs Helix)
Finished game 49 (Helix vs Stockfish): 1-0 {White mates}
Score of Helix vs Stockfish: 35 - 10 - 4  [0.755] 49
Started game 51 of 400 (Helix vs Stockfish)
Finished game 50 (Stockfish vs Helix): 0-1 {Black wins by adjudication}
Score of Helix vs Stockfish: 36 - 10 - 4  [0.760] 50
Started game 52 of 400 (Stockfish vs Helix)
Finished game 51 (Helix vs Stockfish): 0-1 {Black wins by adjudication}
Score of Helix vs Stockfish: 36 - 11 - 4  [0.745] 51
Started game 53 of 400 (Helix vs Stockfish)
Finished game 53 (Helix vs Stockfish): 0-1 {Black wins by adjudication}
Score of Helix vs Stockfish: 36 - 12 - 4  [0.731] 52
Started game 54 of 400 (Stockfish vs Helix)
Finished game 52 (Stockfish vs Helix): 0-1 {Black wins by adjudication}
Score of Helix vs Stockfish: 37 - 12 - 4  [0.736] 53
Started game 55 of 400 (Helix vs Stockfish)
Finished game 55 (Helix vs Stockfish): 1/2-1/2 {Draw by 3-fold repetition}
Score of Helix vs Stockfish: 37 - 12 - 5  [0.731] 54
Started game 56 of 400 (Stockfish vs Helix)
Finished game 54 (Stockfish vs Helix): 0-1 {Black wins by adjudication}
Score of Helix vs Stockfish: 38 - 12 - 5  [0.736] 55
Started game 57 of 400 (Helix vs Stockfish)
Finished game 57 (Helix vs Stockfish): 1-0 {White wins by adjudication}
Score of Helix vs Stockfish: 39 - 12 - 5  [0.741] 56
Started game 58 of 400 (Stockfish vs Helix)
Finished game 56 (Stockfish vs Helix): 1/2-1/2 {Draw by insufficient mating material}
Score of Helix vs Stockfish: 39 - 12 - 6  [0.737] 57
Started game 59 of 400 (Helix vs Stockfish)
Finished game 58 (Stockfish vs Helix): 0-1 {Black wins by adjudication}
Score of Helix vs Stockfish: 40 - 12 - 6  [0.741] 58
Started game 60 of 400 (Stockfish vs Helix)
Finished game 59 (Helix vs Stockfish): 1/2-1/2 {Draw by 3-fold repetition}
Score of Helix vs Stockfish: 40 - 12 - 7  [0.737] 59
Started game 61 of 400 (Helix vs Stockfish)
Finished game 60 (Stockfish vs Helix): 0-1 {Black wins by adjudication}
Score of Helix vs Stockfish: 41 - 12 - 7  [0.742] 60
Started game 62 of 400 (Stockfish vs Helix)
Finished game 61 (Helix vs Stockfish): 1-0 {White wins by adjudication}
Score of Helix vs Stockfish: 42 - 12 - 7  [0.746] 61
Started game 63 of 400 (Helix vs Stockfish)
Finished game 62 (Stockfish vs Helix): 0-1 {Black wins by adjudication}
Score of Helix vs Stockfish: 43 - 12 - 7  [0.750] 62
Started game 64 of 400 (Stockfish vs Helix)
Finished game 63 (Helix vs Stockfish): 1-0 {White wins by adjudication}
Score of Helix vs Stockfish: 44 - 12 - 7  [0.754] 63
Started game 65 of 400 (Helix vs Stockfish)
Finished game 64 (Stockfish vs Helix): 0-1 {Black wins by adjudication}
Score of Helix vs Stockfish: 45 - 12 - 7  [0.758] 64
Started game 66 of 400 (Stockfish vs Helix)
Finished game 65 (Helix vs Stockfish): 1-0 {White wins by adjudication}
Score of Helix vs Stockfish: 46 - 12 - 7  [0.762] 65
Started game 67 of 400 (Helix vs Stockfish)
Finished game 66 (Stockfish vs Helix): 1-0 {White wins by adjudication}
Score of Helix vs Stockfish: 46 - 13 - 7  [0.750] 66
Started game 68 of 400 (Stockfish vs Helix)
Finished game 67 (Helix vs Stockfish): 0-1 {Black wins by adjudication}
Score of Helix vs Stockfish: 46 - 14 - 7  [0.739] 67
Started game 69 of 400 (Helix vs Stockfish)
Finished game 68 (Stockfish vs Helix): 1-0 {White wins by adjudication}
Score of Helix vs Stockfish: 46 - 15 - 7  [0.728] 68
Started game 70 of 400 (Stockfish vs Helix)
Finished game 69 (Helix vs Stockfish): 1-0 {White wins by adjudication}
Score of Helix vs Stockfish: 47 - 15 - 7  [0.732] 69
Started game 71 of 400 (Helix vs Stockfish)
Finished game 70 (Stockfish vs Helix): 0-1 {Black wins by adjudication}
Score of Helix vs Stockfish: 48 - 15 - 7  [0.736] 70
Started game 72 of 400 (Stockfish vs Helix)
Finished game 71 (Helix vs Stockfish): 1/2-1/2 {Draw by 3-fold repetition}
Score of Helix vs Stockfish: 48 - 15 - 8  [0.732] 71
Started game 73 of 400 (Helix vs Stockfish)
Finished game 72 (Stockfish vs Helix): 0-1 {Black wins by adjudication}
Score of Helix vs Stockfish: 49 - 15 - 8  [0.736] 72
Started game 74 of 400 (Stockfish vs Helix)
Finished game 73 (Helix vs Stockfish): 1-0 {White wins by adjudication}
Score of Helix vs Stockfish: 50 - 15 - 8  [0.740] 73
Started game 75 of 400 (Helix vs Stockfish)
Finished game 74 (Stockfish vs Helix): 0-1 {Black wins by adjudication}
Score of Helix vs Stockfish: 51 - 15 - 8  [0.743] 74
Started game 76 of 400 (Stockfish vs Helix)
Finished game 75 (Helix vs Stockfish): 1-0 {White wins by adjudication}
Score of Helix vs Stockfish: 52 - 15 - 8  [0.747] 75
Started game 77 of 400 (Helix vs Stockfish)
Finished game 76 (Stockfish vs Helix): 0-1 {Black wins by adjudication}
Score of Helix vs Stockfish: 53 - 15 - 8  [0.750] 76
Started game 78 of 400 (Stockfish vs Helix)
Finished game 77 (Helix vs Stockfish): 1-0 {White wins by adjudication}
Score of Helix vs Stockfish: 54 - 15 - 8  [0.753] 77
Started game 79 of 400 (Helix vs Stockfish)
Finished game 78 (Stockfish vs Helix): 0-1 {Black wins by adjudication}
Score of Helix vs Stockfish: 55 - 15 - 8  [0.756] 78
Started game 80 of 400 (Stockfish vs Helix)
Finished game 79 (Helix vs Stockfish): 1-0 {White wins by adjudication}
Score of Helix vs Stockfish: 56 - 15 - 8  [0.759] 79
Started game 81 of 400 (Helix vs Stockfish)
Finished game 80 (Stockfish vs Helix): 0-1 {Black wins by adjudication}
Score of Helix vs Stockfish: 57 - 15 - 8  [0.762] 80
Started game 82 of 400 (Stockfish vs Helix)
Finished game 81 (Helix vs Stockfish): 1-0 {White wins by adjudication}
Score of Helix vs Stockfish: 58 - 15 - 8  [0.765] 81
Started game 83 of 400 (Helix vs Stockfish)
Finished game 82 (Stockfish vs Helix): 1/2-1/2 {Draw by insufficient mating material}
Score of Helix vs Stockfish: 58 - 15 - 9  [0.762] 82
Started game 84 of 400 (Stockfish vs Helix)
Finished game 83 (Helix vs Stockfish): 1-0 {White wins by adjudication}
Score of Helix vs Stockfish: 59 - 15 - 9  [0.765] 83
Started game 85 of 400 (Helix vs Stockfish)
Finished game 84 (Stockfish vs Helix): 0-1 {Black wins by adjudication}
Score of Helix vs Stockfish: 60 - 15 - 9  [0.768] 84
Started game 86 of 400 (Stockfish vs Helix)
Finished game 85 (Helix vs Stockfish): 1-0 {White wins by adjudication}
Score of Helix vs Stockfish: 61 - 15 - 9  [0.771] 85
Started game 87 of 400 (Helix vs Stockfish)
Finished game 86 (Stockfish vs Helix): 1-0 {White wins by adjudication}
Score of Helix vs Stockfish: 61 - 16 - 9  [0.762] 86
Started game 88 of 400 (Stockfish vs Helix)
Finished game 87 (Helix vs Stockfish): 1-0 {White wins by adjudication}
Score of Helix vs Stockfish: 62 - 16 - 9  [0.764] 87
Started game 89 of 400 (Helix vs Stockfish)
Finished game 88 (Stockfish vs Helix): 0-1 {Black wins by adjudication}
Score of Helix vs Stockfish: 63 - 16 - 9  [0.767] 88
Started game 90 of 400 (Stockfish vs Helix)
Finished game 89 (Helix vs Stockfish): 1-0 {White wins by adjudication}
Score of Helix vs Stockfish: 64 - 16 - 9  [0.770] 89
Started game 91 of 400 (Helix vs Stockfish)
Finished game 90 (Stockfish vs Helix): 1-0 {White wins by adjudication}
Score of Helix vs Stockfish: 64 - 17 - 9  [0.761] 90
Started game 92 of 400 (Stockfish vs Helix)
Finished game 91 (Helix vs Stockfish): 1-0 {White wins by adjudication}
Score of Helix vs Stockfish: 65 - 17 - 9  [0.764] 91
Started game 93 of 400 (Helix vs Stockfish)
Finished game 92 (Stockfish vs Helix): 1-0 {White wins by adjudication}
Score of Helix vs Stockfish: 65 - 18 - 9  [0.755] 92
Started game 94 of 400 (Stockfish vs Helix)
Finished game 93 (Helix vs Stockfish): 1-0 {White wins by adjudication}
Score of Helix vs Stockfish: 66 - 18 - 9  [0.758] 93
Started game 95 of 400 (Helix vs Stockfish)
Finished game 94 (Stockfish vs Helix): 0-1 {Black wins by adjudication}
Score of Helix vs Stockfish: 67 - 18 - 9  [0.761] 94
Started game 96 of 400 (Stockfish vs Helix)
Finished game 95 (Helix vs Stockfish): 1/2-1/2 {Draw by 3-fold repetition}
Score of Helix vs Stockfish: 67 - 18 - 10  [0.758] 95
Started game 97 of 400 (Helix vs Stockfish)
Finished game 96 (Stockfish vs Helix): 0-1 {Black wins by adjudication}
Score of Helix vs Stockfish: 68 - 18 - 10  [0.760] 96
Started game 98 of 400 (Stockfish vs Helix)
Finished game 98 (Stockfish vs Helix): 0-1 {Black wins by adjudication}
Score of Helix vs Stockfish: 69 - 18 - 10  [0.763] 97
Started game 99 of 400 (Helix vs Stockfish)
Finished game 97 (Helix vs Stockfish): 1-0 {White wins by adjudication}
Score of Helix vs Stockfish: 70 - 18 - 10  [0.765] 98
Started game 100 of 400 (Stockfish vs Helix)
Finished game 100 (Stockfish vs Helix): 0-1 {Black wins by adjudication}
Score of Helix vs Stockfish: 71 - 18 - 10  [0.768] 99
Started game 101 of 400 (Helix vs Stockfish)
Finished game 99 (Helix vs Stockfish): 0-1 {Black wins by adjudication}
Score of Helix vs Stockfish: 71 - 19 - 10  [0.760] 100
Started game 102 of 400 (Stockfish vs Helix)
Finished game 101 (Helix vs Stockfish): 1-0 {White wins by adjudication}
Score of Helix vs Stockfish: 72 - 19 - 10  [0.762] 101
Started game 103 of 400 (Helix vs Stockfish)
Finished game 102 (Stockfish vs Helix): 0-1 {Black wins by adjudication}
Score of Helix vs Stockfish: 73 - 19 - 10  [0.765] 102
Started game 104 of 400 (Stockfish vs Helix)
Finished game 103 (Helix vs Stockfish): 1-0 {White wins by adjudication}
Score of Helix vs Stockfish: 74 - 19 - 10  [0.767] 103
Started game 105 of 400 (Helix vs Stockfish)
Finished game 104 (Stockfish vs Helix): 0-1 {Black wins by adjudication}
Score of Helix vs Stockfish: 75 - 19 - 10  [0.769] 104
Started game 106 of 400 (Stockfish vs Helix)
Finished game 105 (Helix vs Stockfish): 1-0 {White wins by adjudication}
Score of Helix vs Stockfish: 76 - 19 - 10  [0.771] 105
Started game 107 of 400 (Helix vs Stockfish)
Finished game 106 (Stockfish vs Helix): 0-1 {Black wins by adjudication}
Score of Helix vs Stockfish: 77 - 19 - 10  [0.774] 106
Started game 108 of 400 (Stockfish vs Helix)
Finished game 107 (Helix vs Stockfish): 1/2-1/2 {Draw by 3-fold repetition}
Score of Helix vs Stockfish: 77 - 19 - 11  [0.771] 107
Started game 109 of 400 (Helix vs Stockfish)
Finished game 108 (Stockfish vs Helix): 1/2-1/2 {Draw by 3-fold repetition}
Score of Helix vs Stockfish: 77 - 19 - 12  [0.769] 108
Started game 110 of 400 (Stockfish vs Helix)
Finished game 109 (Helix vs Stockfish): 1-0 {White wins by adjudication}
Score of Helix vs Stockfish: 78 - 19 - 12  [0.771] 109
Started game 111 of 400 (Helix vs Stockfish)
Finished game 110 (Stockfish vs Helix): 0-1 {Black wins by adjudication}
Score of Helix vs Stockfish: 79 - 19 - 12  [0.773] 110
Started game 112 of 400 (Stockfish vs Helix)
Finished game 111 (Helix vs Stockfish): 1-0 {White wins by adjudication}
Score of Helix vs Stockfish: 80 - 19 - 12  [0.775] 111
Started game 113 of 400 (Helix vs Stockfish)
Finished game 112 (Stockfish vs Helix): 0-1 {Black wins by adjudication}
Score of Helix vs Stockfish: 81 - 19 - 12  [0.777] 112
Started game 114 of 400 (Stockfish vs Helix)
Finished game 113 (Helix vs Stockfish): 0-1 {Black wins by adjudication}
Score of Helix vs Stockfish: 81 - 20 - 12  [0.770] 113
Started game 115 of 400 (Helix vs Stockfish)
Finished game 114 (Stockfish vs Helix): 1-0 {White wins by adjudication}
Score of Helix vs Stockfish: 81 - 21 - 12  [0.763] 114
Started game 116 of 400 (Stockfish vs Helix)
Finished game 115 (Helix vs Stockfish): 1-0 {White wins by adjudication}
Score of Helix vs Stockfish: 82 - 21 - 12  [0.765] 115
Started game 117 of 400 (Helix vs Stockfish)
Finished game 116 (Stockfish vs Helix): 0-1 {Black wins by adjudication}
Score of Helix vs Stockfish: 83 - 21 - 12  [0.767] 116
Started game 118 of 400 (Stockfish vs Helix)
Finished game 117 (Helix vs Stockfish): 0-1 {Black wins by adjudication}
Score of Helix vs Stockfish: 83 - 22 - 12  [0.761] 117
Started game 119 of 400 (Helix vs Stockfish)
Finished game 118 (Stockfish vs Helix): 0-1 {Black wins by adjudication}
Score of Helix vs Stockfish: 84 - 22 - 12  [0.763] 118
Started game 120 of 400 (Stockfish vs Helix)
Finished game 119 (Helix vs Stockfish): 1-0 {White wins by adjudication}
Score of Helix vs Stockfish: 85 - 22 - 12  [0.765] 119
Started game 121 of 400 (Helix vs Stockfish)
Finished game 120 (Stockfish vs Helix): 0-1 {Black wins by adjudication}
Score of Helix vs Stockfish: 86 - 22 - 12  [0.767] 120
Started game 122 of 400 (Stockfish vs Helix)
Finished game 121 (Helix vs Stockfish): 1-0 {White wins by adjudication}
Score of Helix vs Stockfish: 87 - 22 - 12  [0.769] 121
Started game 123 of 400 (Helix vs Stockfish)
Finished game 122 (Stockfish vs Helix): 0-1 {Black wins by adjudication}
Score of Helix vs Stockfish: 88 - 22 - 12  [0.770] 122
Started game 124 of 400 (Stockfish vs Helix)
Finished game 123 (Helix vs Stockfish): 1-0 {White wins by adjudication}
Score of Helix vs Stockfish: 89 - 22 - 12  [0.772] 123
Started game 125 of 400 (Helix vs Stockfish)
Finished game 124 (Stockfish vs Helix): 0-1 {Black wins by adjudication}
Score of Helix vs Stockfish: 90 - 22 - 12  [0.774] 124
Started game 126 of 400 (Stockfish vs Helix)
Finished game 125 (Helix vs Stockfish): 1-0 {White wins by adjudication}
Score of Helix vs Stockfish: 91 - 22 - 12  [0.776] 125
Started game 127 of 400 (Helix vs Stockfish)
Finished game 126 (Stockfish vs Helix): 0-1 {Black wins by adjudication}
Score of Helix vs Stockfish: 92 - 22 - 12  [0.778] 126
Started game 128 of 400 (Stockfish vs Helix)
Finished game 127 (Helix vs Stockfish): 1-0 {White wins by adjudication}
Score of Helix vs Stockfish: 93 - 22 - 12  [0.780] 127
Started game 129 of 400 (Helix vs Stockfish)
Finished game 128 (Stockfish vs Helix): 0-1 {Black wins by adjudication}
Score of Helix vs Stockfish: 94 - 22 - 12  [0.781] 128
Started game 130 of 400 (Stockfish vs Helix)
Finished game 129 (Helix vs Stockfish): 1-0 {White wins by adjudication}
Score of Helix vs Stockfish: 95 - 22 - 12  [0.783] 129
Started game 131 of 400 (Helix vs Stockfish)
Finished game 130 (Stockfish vs Helix): 0-1 {Black wins by adjudication}
Score of Helix vs Stockfish: 96 - 22 - 12  [0.785] 130
Started game 132 of 400 (Stockfish vs Helix)
Finished game 131 (Helix vs Stockfish): 1-0 {White wins by adjudication}
Score of Helix vs Stockfish: 97 - 22 - 12  [0.786] 131
Started game 133 of 400 (Helix vs Stockfish)
Finished game 132 (Stockfish vs Helix): 0-1 {Black wins by adjudication}
Score of Helix vs Stockfish: 98 - 22 - 12  [0.788] 132
Started game 134 of 400 (Stockfish vs Helix)
Finished game 133 (Helix vs Stockfish): 1-0 {White wins by adjudication}
Score of Helix vs Stockfish: 99 - 22 - 12  [0.789] 133
Started game 135 of 400 (Helix vs Stockfish)
Finished game 134 (Stockfish vs Helix): 0-1 {Black wins by adjudication}
Score of Helix vs Stockfish: 100 - 22 - 12  [0.791] 134
Started game 136 of 400 (Stockfish vs Helix)
Finished game 135 (Helix vs Stockfish): 1-0 {White wins by adjudication}
Score of Helix vs Stockfish: 101 - 22 - 12  [0.793] 135
Started game 137 of 400 (Helix vs Stockfish)
Finished game 136 (Stockfish vs Helix): 0-1 {Black wins by adjudication}
Score of Helix vs Stockfish: 102 - 22 - 12  [0.794] 136
Started game 138 of 400 (Stockfish vs Helix)
Finished game 137 (Helix vs Stockfish): 1-0 {White wins by adjudication}
Score of Helix vs Stockfish: 103 - 22 - 12  [0.796] 137
Started game 139 of 400 (Helix vs Stockfish)
Finished game 138 (Stockfish vs Helix): 0-1 {Black wins by adjudication}
Score of Helix vs Stockfish: 104 - 22 - 12  [0.797] 138
Started game 140 of 400 (Stockfish vs Helix)
Finished game 139 (Helix vs Stockfish): 1/2-1/2 {Draw by 3-fold repetition}
Score of Helix vs Stockfish: 104 - 22 - 13  [0.795] 139
Started game 141 of 400 (Helix vs Stockfish)
Finished game 140 (Stockfish vs Helix): 0-1 {Black wins by adjudication}
Score of Helix vs Stockfish: 105 - 22 - 13  [0.796] 140
Started game 142 of 400 (Stockfish vs Helix)
Finished game 141 (Helix vs Stockfish): 0-1 {Black wins by adjudication}
Score of Helix vs Stockfish: 105 - 23 - 13  [0.791] 141
Started game 143 of 400 (Helix vs Stockfish)
Finished game 142 (Stockfish vs Helix): 1-0 {White wins by adjudication}
Score of Helix vs Stockfish: 105 - 24 - 13  [0.785] 142
Started game 144 of 400 (Stockfish vs Helix)
Finished game 143 (Helix vs Stockfish): 1/2-1/2 {Draw by 3-fold repetition}
Score of Helix vs Stockfish: 105 - 24 - 14  [0.783] 143
Started game 145 of 400 (Helix vs Stockfish)
Finished game 144 (Stockfish vs Helix): 0-1 {Black wins by adjudication}
Score of Helix vs Stockfish: 106 - 24 - 14  [0.785] 144
Started game 146 of 400 (Stockfish vs Helix)
Finished game 145 (Helix vs Stockfish): 0-1 {Black wins by adjudication}
Score of Helix vs Stockfish: 106 - 25 - 14  [0.779] 145
Started game 147 of 400 (Helix vs Stockfish)
Finished game 146 (Stockfish vs Helix): 1-0 {White wins by adjudication}
Score of Helix vs Stockfish: 106 - 26 - 14  [0.774] 146
Started game 148 of 400 (Stockfish vs Helix)
Finished game 147 (Helix vs Stockfish): 1-0 {White wins by adjudication}
Score of Helix vs Stockfish: 107 - 26 - 14  [0.776] 147
Started game 149 of 400 (Helix vs Stockfish)
Finished game 148 (Stockfish vs Helix): 0-1 {Black wins by adjudication}
Score of Helix vs Stockfish: 108 - 26 - 14  [0.777] 148
Started game 150 of 400 (Stockfish vs Helix)
Finished game 149 (Helix vs Stockfish): 1-0 {White wins by adjudication}
Score of Helix vs Stockfish: 109 - 26 - 14  [0.779] 149
Started game 151 of 400 (Helix vs Stockfish)
Finished game 150 (Stockfish vs Helix): 0-1 {Black wins by adjudication}
Score of Helix vs Stockfish: 110 - 26 - 14  [0.780] 150
Started game 152 of 400 (Stockfish vs Helix)
Finished game 151 (Helix vs Stockfish): 0-1 {Black wins by adjudication}
Score of Helix vs Stockfish: 110 - 27 - 14  [0.775] 151
Started game 153 of 400 (Helix vs Stockfish)
Finished game 152 (Stockfish vs Helix): 0-1 {Black wins by adjudication}
Score of Helix vs Stockfish: 111 - 27 - 14  [0.776] 152
Started game 154 of 400 (Stockfish vs Helix)
Finished game 153 (Helix vs Stockfish): 1-0 {White wins by adjudication}
Score of Helix vs Stockfish: 112 - 27 - 14  [0.778] 153
Started game 155 of 400 (Helix vs Stockfish)
Finished game 154 (Stockfish vs Helix): 0-1 {Black wins by adjudication}
Score of Helix vs Stockfish: 113 - 27 - 14  [0.779] 154
Started game 156 of 400 (Stockfish vs Helix)
Finished game 155 (Helix vs Stockfish): 1-0 {White wins by adjudication}
Score of Helix vs Stockfish: 114 - 27 - 14  [0.781] 155
Started game 157 of 400 (Helix vs Stockfish)
Finished game 157 (Helix vs Stockfish): 1-0 {White wins by adjudication}
Score of Helix vs Stockfish: 115 - 27 - 14  [0.782] 156
Started game 158 of 400 (Stockfish vs Helix)
Finished game 156 (Stockfish vs Helix): 0-1 {Black wins by adjudication}
Score of Helix vs Stockfish: 116 - 27 - 14  [0.783] 157
Started game 159 of 400 (Helix vs Stockfish)
Finished game 158 (Stockfish vs Helix): 0-1 {Black wins by adjudication}
Score of Helix vs Stockfish: 117 - 27 - 14  [0.785] 158
Started game 160 of 400 (Stockfish vs Helix)
Finished game 159 (Helix vs Stockfish): 1/2-1/2 {Draw by 3-fold repetition}
Score of Helix vs Stockfish: 117 - 27 - 15  [0.783] 159
Started game 161 of 400 (Helix vs Stockfish)
Finished game 160 (Stockfish vs Helix): 0-1 {Black wins by adjudication}
Score of Helix vs Stockfish: 118 - 27 - 15  [0.784] 160
Started game 162 of 400 (Stockfish vs Helix)
Finished game 161 (Helix vs Stockfish): 1-0 {White wins by adjudication}
Score of Helix vs Stockfish: 119 - 27 - 15  [0.786] 161
Started game 163 of 400 (Helix vs Stockfish)
Finished game 162 (Stockfish vs Helix): 0-1 {Black wins by adjudication}
Score of Helix vs Stockfish: 120 - 27 - 15  [0.787] 162
Started game 164 of 400 (Stockfish vs Helix)
Finished game 163 (Helix vs Stockfish): 1-0 {White wins by adjudication}
Score of Helix vs Stockfish: 121 - 27 - 15  [0.788] 163
Started game 165 of 400 (Helix vs Stockfish)
Finished game 165 (Helix vs Stockfish): 1/2-1/2 {Draw by 3-fold repetition}
Score of Helix vs Stockfish: 121 - 27 - 16  [0.787] 164
Started game 166 of 400 (Stockfish vs Helix)
Finished game 164 (Stockfish vs Helix): 0-1 {Black wins by adjudication}
Score of Helix vs Stockfish: 122 - 27 - 16  [0.788] 165
Started game 167 of 400 (Helix vs Stockfish)
Finished game 167 (Helix vs Stockfish): 1-0 {White wins by adjudication}
Score of Helix vs Stockfish: 123 - 27 - 16  [0.789] 166
Started game 168 of 400 (Stockfish vs Helix)
Finished game 166 (Stockfish vs Helix): 0-1 {Black wins by adjudication}
Score of Helix vs Stockfish: 124 - 27 - 16  [0.790] 167
Started game 169 of 400 (Helix vs Stockfish)
Finished game 169 (Helix vs Stockfish): 1-0 {White wins by adjudication}
Score of Helix vs Stockfish: 125 - 27 - 16  [0.792] 168
Started game 170 of 400 (Stockfish vs Helix)
Finished game 168 (Stockfish vs Helix): 0-1 {Black wins by adjudication}
Score of Helix vs Stockfish: 126 - 27 - 16  [0.793] 169
Started game 171 of 400 (Helix vs Stockfish)
Finished game 170 (Stockfish vs Helix): 1-0 {White wins by adjudication}
Score of Helix vs Stockfish: 126 - 28 - 16  [0.788] 170
Started game 172 of 400 (Stockfish vs Helix)
Finished game 171 (Helix vs Stockfish): 1-0 {White wins by adjudication}
Score of Helix vs Stockfish: 127 - 28 - 16  [0.789] 171
Started game 173 of 400 (Helix vs Stockfish)
Finished game 173 (Helix vs Stockfish): 1-0 {White wins by adjudication}
Score of Helix vs Stockfish: 128 - 28 - 16  [0.791] 172
Started game 174 of 400 (Stockfish vs Helix)
Finished game 172 (Stockfish vs Helix): 0-1 {Black wins by adjudication}
Score of Helix vs Stockfish: 129 - 28 - 16  [0.792] 173
Started game 175 of 400 (Helix vs Stockfish)
Finished game 174 (Stockfish vs Helix): 0-1 {Black wins by adjudication}
Score of Helix vs Stockfish: 130 - 28 - 16  [0.793] 174
Started game 176 of 400 (Stockfish vs Helix)
Finished game 175 (Helix vs Stockfish): 1-0 {White wins by adjudication}
Score of Helix vs Stockfish: 131 - 28 - 16  [0.794] 175
Started game 177 of 400 (Helix vs Stockfish)
Finished game 177 (Helix vs Stockfish): 1-0 {White wins by adjudication}
Score of Helix vs Stockfish: 132 - 28 - 16  [0.795] 176
Started game 178 of 400 (Stockfish vs Helix)
Finished game 176 (Stockfish vs Helix): 1-0 {White wins by adjudication}
Score of Helix vs Stockfish: 132 - 29 - 16  [0.791] 177
Started game 179 of 400 (Helix vs Stockfish)
Finished game 178 (Stockfish vs Helix): 0-1 {Black wins by adjudication}
Score of Helix vs Stockfish: 133 - 29 - 16  [0.792] 178
Started game 180 of 400 (Stockfish vs Helix)
Finished game 179 (Helix vs Stockfish): 0-1 {Black wins by adjudication}
Score of Helix vs Stockfish: 133 - 30 - 16  [0.788] 179
Started game 181 of 400 (Helix vs Stockfish)
Finished game 180 (Stockfish vs Helix): 0-1 {Black wins by adjudication}
Score of Helix vs Stockfish: 134 - 30 - 16  [0.789] 180
Started game 182 of 400 (Stockfish vs Helix)
Finished game 181 (Helix vs Stockfish): 0-1 {Black wins by adjudication}
Score of Helix vs Stockfish: 134 - 31 - 16  [0.785] 181
Started game 183 of 400 (Helix vs Stockfish)
Finished game 182 (Stockfish vs Helix): 0-1 {Black wins by adjudication}
Score of Helix vs Stockfish: 135 - 31 - 16  [0.786] 182
Started game 184 of 400 (Stockfish vs Helix)
Finished game 183 (Helix vs Stockfish): 1-0 {White wins by adjudication}
Score of Helix vs Stockfish: 136 - 31 - 16  [0.787] 183
Started game 185 of 400 (Helix vs Stockfish)
Finished game 184 (Stockfish vs Helix): 1-0 {White wins by adjudication}
Score of Helix vs Stockfish: 136 - 32 - 16  [0.783] 184
Started game 186 of 400 (Stockfish vs Helix)
Finished game 185 (Helix vs Stockfish): 1-0 {White wins by adjudication}
Score of Helix vs Stockfish: 137 - 32 - 16  [0.784] 185
Started game 187 of 400 (Helix vs Stockfish)
Finished game 186 (Stockfish vs Helix): 0-1 {Black wins by adjudication}
Score of Helix vs Stockfish: 138 - 32 - 16  [0.785] 186
Started game 188 of 400 (Stockfish vs Helix)
Finished game 188 (Stockfish vs Helix): 0-1 {Black wins by adjudication}
Score of Helix vs Stockfish: 139 - 32 - 16  [0.786] 187
Started game 189 of 400 (Helix vs Stockfish)
Finished game 187 (Helix vs Stockfish): 1-0 {White wins by adjudication}
Score of Helix vs Stockfish: 140 - 32 - 16  [0.787] 188
Started game 190 of 400 (Stockfish vs Helix)
Finished game 190 (Stockfish vs Helix): 0-1 {Black wins by adjudication}
Score of Helix vs Stockfish: 141 - 32 - 16  [0.788] 189
Started game 191 of 400 (Helix vs Stockfish)
Finished game 189 (Helix vs Stockfish): 1-0 {White wins by adjudication}
Score of Helix vs Stockfish: 142 - 32 - 16  [0.789] 190
Started game 192 of 400 (Stockfish vs Helix)
Finished game 191 (Helix vs Stockfish): 1-0 {White wins by adjudication}
Score of Helix vs Stockfish: 143 - 32 - 16  [0.791] 191
Started game 193 of 400 (Helix vs Stockfish)
Finished game 192 (Stockfish vs Helix): 0-1 {Black wins by adjudication}
Score of Helix vs Stockfish: 144 - 32 - 16  [0.792] 192
Started game 194 of 400 (Stockfish vs Helix)
Finished game 193 (Helix vs Stockfish): 1-0 {White wins by adjudication}
Score of Helix vs Stockfish: 145 - 32 - 16  [0.793] 193
Started game 195 of 400 (Helix vs Stockfish)
Finished game 194 (Stockfish vs Helix): 0-1 {Black wins by adjudication}
Score of Helix vs Stockfish: 146 - 32 - 16  [0.794] 194
Started game 196 of 400 (Stockfish vs Helix)
Finished game 195 (Helix vs Stockfish): 1-0 {White wins by adjudication}
Score of Helix vs Stockfish: 147 - 32 - 16  [0.795] 195
Started game 197 of 400 (Helix vs Stockfish)
Finished game 196 (Stockfish vs Helix): 1-0 {White wins by adjudication}
Score of Helix vs Stockfish: 147 - 33 - 16  [0.791] 196
Started game 198 of 400 (Stockfish vs Helix)
Finished game 197 (Helix vs Stockfish): 0-1 {Black wins by adjudication}
Score of Helix vs Stockfish: 147 - 34 - 16  [0.787] 197
Started game 199 of 400 (Helix vs Stockfish)
Finished game 198 (Stockfish vs Helix): 0-1 {Black wins by adjudication}
Score of Helix vs Stockfish: 148 - 34 - 16  [0.788] 198
Started game 200 of 400 (Stockfish vs Helix)
Finished game 199 (Helix vs Stockfish): 1-0 {White wins by adjudication}
Score of Helix vs Stockfish: 149 - 34 - 16  [0.789] 199
Started game 201 of 400 (Helix vs Stockfish)
Finished game 200 (Stockfish vs Helix): 0-1 {Black wins by adjudication}
Score of Helix vs Stockfish: 150 - 34 - 16  [0.790] 200
Started game 202 of 400 (Stockfish vs Helix)
Finished game 201 (Helix vs Stockfish): 1-0 {White wins by adjudication}
Score of Helix vs Stockfish: 151 - 34 - 16  [0.791] 201
Started game 203 of 400 (Helix vs Stockfish)
Finished game 202 (Stockfish vs Helix): 1-0 {White wins by adjudication}
Score of Helix vs Stockfish: 151 - 35 - 16  [0.787] 202
Started game 204 of 400 (Stockfish vs Helix)
Finished game 203 (Helix vs Stockfish): 1-0 {White wins by adjudication}
Score of Helix vs Stockfish: 152 - 35 - 16  [0.788] 203
Started game 205 of 400 (Helix vs Stockfish)
Finished game 204 (Stockfish vs Helix): 0-1 {Black wins by adjudication}
Score of Helix vs Stockfish: 153 - 35 - 16  [0.789] 204
Started game 206 of 400 (Stockfish vs Helix)
Finished game 205 (Helix vs Stockfish): 1-0 {White wins by adjudication}
Score of Helix vs Stockfish: 154 - 35 - 16  [0.790] 205
Started game 207 of 400 (Helix vs Stockfish)
Finished game 206 (Stockfish vs Helix): 0-1 {Black wins by adjudication}
Score of Helix vs Stockfish: 155 - 35 - 16  [0.791] 206
Started game 208 of 400 (Stockfish vs Helix)
Finished game 207 (Helix vs Stockfish): 0-1 {Black wins by adjudication}
Score of Helix vs Stockfish: 155 - 36 - 16  [0.787] 207
Started game 209 of 400 (Helix vs Stockfish)
Finished game 208 (Stockfish vs Helix): 0-1 {Black wins by adjudication}
Score of Helix vs Stockfish: 156 - 36 - 16  [0.788] 208
Started game 210 of 400 (Stockfish vs Helix)
Finished game 210 (Stockfish vs Helix): 0-1 {Black wins by adjudication}
Score of Helix vs Stockfish: 157 - 36 - 16  [0.789] 209
Started game 211 of 400 (Helix vs Stockfish)
Finished game 209 (Helix vs Stockfish): 1-0 {White wins by adjudication}
Score of Helix vs Stockfish: 158 - 36 - 16  [0.790] 210
Started game 212 of 400 (Stockfish vs Helix)
Finished game 211 (Helix vs Stockfish): 1-0 {White wins by adjudication}
Score of Helix vs Stockfish: 159 - 36 - 16  [0.791] 211
Started game 213 of 400 (Helix vs Stockfish)
Finished game 212 (Stockfish vs Helix): 0-1 {Black wins by adjudication}
Score of Helix vs Stockfish: 160 - 36 - 16  [0.792] 212
Started game 214 of 400 (Stockfish vs Helix)
Finished game 213 (Helix vs Stockfish): 1/2-1/2 {Draw by 3-fold repetition}
Score of Helix vs Stockfish: 160 - 36 - 17  [0.791] 213
Started game 215 of 400 (Helix vs Stockfish)
Finished game 214 (Stockfish vs Helix): 1/2-1/2 {Draw by 3-fold repetition}
Score of Helix vs Stockfish: 160 - 36 - 18  [0.790] 214
Started game 216 of 400 (Stockfish vs Helix)
Finished game 215 (Helix vs Stockfish): 1-0 {White wins by adjudication}
Score of Helix vs Stockfish: 161 - 36 - 18  [0.791] 215
Started game 217 of 400 (Helix vs Stockfish)
Finished game 216 (Stockfish vs Helix): 1-0 {White wins by adjudication}
Score of Helix vs Stockfish: 161 - 37 - 18  [0.787] 216
Started game 218 of 400 (Stockfish vs Helix)
Finished game 217 (Helix vs Stockfish): 0-1 {Black wins by adjudication}
Score of Helix vs Stockfish: 161 - 38 - 18  [0.783] 217
Started game 219 of 400 (Helix vs Stockfish)
Finished game 218 (Stockfish vs Helix): 0-1 {Black wins by adjudication}
Score of Helix vs Stockfish: 162 - 38 - 18  [0.784] 218
Started game 220 of 400 (Stockfish vs Helix)
Finished game 219 (Helix vs Stockfish): 1-0 {White wins by adjudication}
Score of Helix vs Stockfish: 163 - 38 - 18  [0.785] 219
Started game 221 of 400 (Helix vs Stockfish)
Finished game 220 (Stockfish vs Helix): 0-1 {Black wins by adjudication}
Score of Helix vs Stockfish: 164 - 38 - 18  [0.786] 220
Started game 222 of 400 (Stockfish vs Helix)
Finished game 221 (Helix vs Stockfish): 1-0 {White wins by adjudication}
Score of Helix vs Stockfish: 165 - 38 - 18  [0.787] 221
Started game 223 of 400 (Helix vs Stockfish)
Finished game 222 (Stockfish vs Helix): 0-1 {Black wins by adjudication}
Score of Helix vs Stockfish: 166 - 38 - 18  [0.788] 222
Started game 224 of 400 (Stockfish vs Helix)
Finished game 223 (Helix vs Stockfish): 1-0 {White wins by adjudication}
Score of Helix vs Stockfish: 167 - 38 - 18  [0.789] 223
Started game 225 of 400 (Helix vs Stockfish)
Finished game 224 (Stockfish vs Helix): 1-0 {White wins by adjudication}
Score of Helix vs Stockfish: 167 - 39 - 18  [0.786] 224
Started game 226 of 400 (Stockfish vs Helix)
Finished game 225 (Helix vs Stockfish): 1-0 {White wins by adjudication}
Score of Helix vs Stockfish: 168 - 39 - 18  [0.787] 225
Started game 227 of 400 (Helix vs Stockfish)
Finished game 226 (Stockfish vs Helix): 0-1 {Black wins by adjudication}
Score of Helix vs Stockfish: 169 - 39 - 18  [0.788] 226
Started game 228 of 400 (Stockfish vs Helix)
Finished game 227 (Helix vs Stockfish): 0-1 {Black wins by adjudication}
Score of Helix vs Stockfish: 169 - 40 - 18  [0.784] 227
Started game 229 of 400 (Helix vs Stockfish)
Finished game 228 (Stockfish vs Helix): 0-1 {Black wins by adjudication}
Score of Helix vs Stockfish: 170 - 40 - 18  [0.785] 228
Started game 230 of 400 (Stockfish vs Helix)
Finished game 229 (Helix vs Stockfish): 0-1 {Black wins by adjudication}
Score of Helix vs Stockfish: 170 - 41 - 18  [0.782] 229
Started game 231 of 400 (Helix vs Stockfish)
Finished game 230 (Stockfish vs Helix): 1-0 {White wins by adjudication}
Score of Helix vs Stockfish: 170 - 42 - 18  [0.778] 230
Started game 232 of 400 (Stockfish vs Helix)
Finished game 231 (Helix vs Stockfish): 1-0 {White wins by adjudication}
Score of Helix vs Stockfish: 171 - 42 - 18  [0.779] 231
Started game 233 of 400 (Helix vs Stockfish)
Finished game 232 (Stockfish vs Helix): 0-1 {Black wins by adjudication}
Score of Helix vs Stockfish: 172 - 42 - 18  [0.780] 232
Started game 234 of 400 (Stockfish vs Helix)
Finished game 233 (Helix vs Stockfish): 1-0 {White wins by adjudication}
Score of Helix vs Stockfish: 173 - 42 - 18  [0.781] 233
Started game 235 of 400 (Helix vs Stockfish)
Finished game 234 (Stockfish vs Helix): 0-1 {Black wins by adjudication}
Score of Helix vs Stockfish: 174 - 42 - 18  [0.782] 234
Started game 236 of 400 (Stockfish vs Helix)
Finished game 235 (Helix vs Stockfish): 1-0 {White wins by adjudication}
Score of Helix vs Stockfish: 175 - 42 - 18  [0.783] 235
Started game 237 of 400 (Helix vs Stockfish)
Finished game 236 (Stockfish vs Helix): 0-1 {Black wins by adjudication}
Score of Helix vs Stockfish: 176 - 42 - 18  [0.784] 236
Started game 238 of 400 (Stockfish vs Helix)
Finished game 237 (Helix vs Stockfish): 0-1 {Black wins by adjudication}
Score of Helix vs Stockfish: 176 - 43 - 18  [0.781] 237
Started game 239 of 400 (Helix vs Stockfish)
Finished game 238 (Stockfish vs Helix): 0-1 {Black wins by adjudication}
Score of Helix vs Stockfish: 177 - 43 - 18  [0.782] 238
Started game 240 of 400 (Stockfish vs Helix)
Finished game 239 (Helix vs Stockfish): 1-0 {White wins by adjudication}
Score of Helix vs Stockfish: 178 - 43 - 18  [0.782] 239
Started game 241 of 400 (Helix vs Stockfish)
Finished game 240 (Stockfish vs Helix): 0-1 {Black wins by adjudication}
Score of Helix vs Stockfish: 179 - 43 - 18  [0.783] 240
Started game 242 of 400 (Stockfish vs Helix)
Finished game 241 (Helix vs Stockfish): 1-0 {White wins by adjudication}
Score of Helix vs Stockfish: 180 - 43 - 18  [0.784] 241
Started game 243 of 400 (Helix vs Stockfish)
Finished game 242 (Stockfish vs Helix): 0-1 {Black wins by adjudication}
Score of Helix vs Stockfish: 181 - 43 - 18  [0.785] 242
Started game 244 of 400 (Stockfish vs Helix)
Finished game 243 (Helix vs Stockfish): 0-1 {Black wins by adjudication}
Score of Helix vs Stockfish: 181 - 44 - 18  [0.782] 243
Started game 245 of 400 (Helix vs Stockfish)
Finished game 244 (Stockfish vs Helix): 0-1 {Black wins by adjudication}
Score of Helix vs Stockfish: 182 - 44 - 18  [0.783] 244
Started game 246 of 400 (Stockfish vs Helix)
Finished game 245 (Helix vs Stockfish): 1-0 {White mates}
Score of Helix vs Stockfish: 183 - 44 - 18  [0.784] 245
Started game 247 of 400 (Helix vs Stockfish)
Finished game 246 (Stockfish vs Helix): 0-1 {Black wins by adjudication}
Score of Helix vs Stockfish: 184 - 44 - 18  [0.785] 246
Started game 248 of 400 (Stockfish vs Helix)
Finished game 247 (Helix vs Stockfish): 1/2-1/2 {Draw by 3-fold repetition}
Score of Helix vs Stockfish: 184 - 44 - 19  [0.783] 247
Started game 249 of 400 (Helix vs Stockfish)
Finished game 248 (Stockfish vs Helix): 0-1 {Black wins by adjudication}
Score of Helix vs Stockfish: 185 - 44 - 19  [0.784] 248
Started game 250 of 400 (Stockfish vs Helix)
Finished game 249 (Helix vs Stockfish): 1-0 {White wins by adjudication}
Score of Helix vs Stockfish: 186 - 44 - 19  [0.785] 249
Started game 251 of 400 (Helix vs Stockfish)
Finished game 250 (Stockfish vs Helix): 0-1 {Black wins by adjudication}
Score of Helix vs Stockfish: 187 - 44 - 19  [0.786] 250
Started game 252 of 400 (Stockfish vs Helix)
Finished game 251 (Helix vs Stockfish): 1/2-1/2 {Draw by 3-fold repetition}
Score of Helix vs Stockfish: 187 - 44 - 20  [0.785] 251
Started game 253 of 400 (Helix vs Stockfish)
Finished game 252 (Stockfish vs Helix): 1-0 {White wins by adjudication}
Score of Helix vs Stockfish: 187 - 45 - 20  [0.782] 252
Started game 254 of 400 (Stockfish vs Helix)
Finished game 253 (Helix vs Stockfish): 1-0 {White wins by adjudication}
Score of Helix vs Stockfish: 188 - 45 - 20  [0.783] 253
Started game 255 of 400 (Helix vs Stockfish)
Finished game 255 (Helix vs Stockfish): 1-0 {White wins by adjudication}
Score of Helix vs Stockfish: 189 - 45 - 20  [0.783] 254
Started game 256 of 400 (Stockfish vs Helix)
Finished game 254 (Stockfish vs Helix): 1-0 {White wins by adjudication}
Score of Helix vs Stockfish: 189 - 46 - 20  [0.780] 255
Started game 257 of 400 (Helix vs Stockfish)
Finished game 257 (Helix vs Stockfish): 0-1 {Black wins by adjudication}
Score of Helix vs Stockfish: 189 - 47 - 20  [0.777] 256
Started game 258 of 400 (Stockfish vs Helix)
Finished game 256 (Stockfish vs Helix): 0-1 {Black wins by adjudication}
Score of Helix vs Stockfish: 190 - 47 - 20  [0.778] 257
Started game 259 of 400 (Helix vs Stockfish)
Finished game 258 (Stockfish vs Helix): 0-1 {Black mates}
Score of Helix vs Stockfish: 191 - 47 - 20  [0.779] 258
Started game 260 of 400 (Stockfish vs Helix)
Finished game 259 (Helix vs Stockfish): 0-1 {Black wins by adjudication}
Score of Helix vs Stockfish: 191 - 48 - 20  [0.776] 259
Started game 261 of 400 (Helix vs Stockfish)
Finished game 260 (Stockfish vs Helix): 0-1 {Black wins by adjudication}
Score of Helix vs Stockfish: 192 - 48 - 20  [0.777] 260
Started game 262 of 400 (Stockfish vs Helix)
Finished game 261 (Helix vs Stockfish): 1-0 {White wins by adjudication}
Score of Helix vs Stockfish: 193 - 48 - 20  [0.778] 261
Started game 263 of 400 (Helix vs Stockfish)
Finished game 262 (Stockfish vs Helix): 1-0 {White wins by adjudication}
Score of Helix vs Stockfish: 193 - 49 - 20  [0.775] 262
Started game 264 of 400 (Stockfish vs Helix)
Finished game 263 (Helix vs Stockfish): 1-0 {White wins by adjudication}
Score of Helix vs Stockfish: 194 - 49 - 20  [0.776] 263
Started game 265 of 400 (Helix vs Stockfish)
Finished game 264 (Stockfish vs Helix): 1-0 {White wins by adjudication}
Score of Helix vs Stockfish: 194 - 50 - 20  [0.773] 264
Started game 266 of 400 (Stockfish vs Helix)
Finished game 265 (Helix vs Stockfish): 0-1 {Black wins by adjudication}
Score of Helix vs Stockfish: 194 - 51 - 20  [0.770] 265
Started game 267 of 400 (Helix vs Stockfish)
Finished game 266 (Stockfish vs Helix): 0-1 {Black mates}
Score of Helix vs Stockfish: 195 - 51 - 20  [0.771] 266
Started game 268 of 400 (Stockfish vs Helix)
Finished game 267 (Helix vs Stockfish): 1-0 {White wins by adjudication}
Score of Helix vs Stockfish: 196 - 51 - 20  [0.772] 267
Started game 269 of 400 (Helix vs Stockfish)
Finished game 268 (Stockfish vs Helix): 0-1 {Black wins by adjudication}
Score of Helix vs Stockfish: 197 - 51 - 20  [0.772] 268
Started game 270 of 400 (Stockfish vs Helix)
Finished game 269 (Helix vs Stockfish): 1/2-1/2 {Draw by 3-fold repetition}
Score of Helix vs Stockfish: 197 - 51 - 21  [0.771] 269
Started game 271 of 400 (Helix vs Stockfish)
Finished game 270 (Stockfish vs Helix): 1-0 {White mates}
Score of Helix vs Stockfish: 197 - 52 - 21  [0.769] 270
Started game 272 of 400 (Stockfish vs Helix)
Finished game 271 (Helix vs Stockfish): 1-0 {White wins by adjudication}
Score of Helix vs Stockfish: 198 - 52 - 21  [0.769] 271
Started game 273 of 400 (Helix vs Stockfish)
Finished game 272 (Stockfish vs Helix): 1/2-1/2 {Draw by 3-fold repetition}
Score of Helix vs Stockfish: 198 - 52 - 22  [0.768] 272
Started game 274 of 400 (Stockfish vs Helix)
Finished game 273 (Helix vs Stockfish): 0-1 {Black wins by adjudication}
Score of Helix vs Stockfish: 198 - 53 - 22  [0.766] 273
Started game 275 of 400 (Helix vs Stockfish)
Finished game 274 (Stockfish vs Helix): 0-1 {Black wins by adjudication}
Score of Helix vs Stockfish: 199 - 53 - 22  [0.766] 274
Started game 276 of 400 (Stockfish vs Helix)
Finished game 275 (Helix vs Stockfish): 1/2-1/2 {Draw by 3-fold repetition}
Score of Helix vs Stockfish: 199 - 53 - 23  [0.765] 275
Started game 277 of 400 (Helix vs Stockfish)
Finished game 276 (Stockfish vs Helix): 0-1 {Black mates}
Score of Helix vs Stockfish: 200 - 53 - 23  [0.766] 276
Started game 278 of 400 (Stockfish vs Helix)
Finished game 277 (Helix vs Stockfish): 1/2-1/2 {Draw by 3-fold repetition}
Score of Helix vs Stockfish: 200 - 53 - 24  [0.765] 277
Started game 279 of 400 (Helix vs Stockfish)
Finished game 278 (Stockfish vs Helix): 0-1 {Black wins by adjudication}
Score of Helix vs Stockfish: 201 - 53 - 24  [0.766] 278
Started game 280 of 400 (Stockfish vs Helix)
Finished game 279 (Helix vs Stockfish): 1-0 {White wins by adjudication}
Score of Helix vs Stockfish: 202 - 53 - 24  [0.767] 279
Started game 281 of 400 (Helix vs Stockfish)
Finished game 281 (Helix vs Stockfish): 1-0 {White wins by adjudication}
Score of Helix vs Stockfish: 203 - 53 - 24  [0.768] 280
Started game 282 of 400 (Stockfish vs Helix)
Finished game 280 (Stockfish vs Helix): 1/2-1/2 {Draw by 3-fold repetition}
Score of Helix vs Stockfish: 203 - 53 - 25  [0.767] 281
Started game 283 of 400 (Helix vs Stockfish)
Finished game 282 (Stockfish vs Helix): 0-1 {Black wins by adjudication}
Score of Helix vs Stockfish: 204 - 53 - 25  [0.768] 282
Started game 284 of 400 (Stockfish vs Helix)
Finished game 283 (Helix vs Stockfish): 1-0 {White wins by adjudication}
Score of Helix vs Stockfish: 205 - 53 - 25  [0.769] 283
Started game 285 of 400 (Helix vs Stockfish)
Finished game 284 (Stockfish vs Helix): 0-1 {Black wins by adjudication}
Score of Helix vs Stockfish: 206 - 53 - 25  [0.769] 284
Started game 286 of 400 (Stockfish vs Helix)
Finished game 285 (Helix vs Stockfish): 0-1 {Black wins by adjudication}
Score of Helix vs Stockfish: 206 - 54 - 25  [0.767] 285
Started game 287 of 400 (Helix vs Stockfish)
Finished game 286 (Stockfish vs Helix): 0-1 {Black mates}
Score of Helix vs Stockfish: 207 - 54 - 25  [0.767] 286
Started game 288 of 400 (Stockfish vs Helix)
Finished game 287 (Helix vs Stockfish): 1/2-1/2 {Draw by 3-fold repetition}
Score of Helix vs Stockfish: 207 - 54 - 26  [0.767] 287
Started game 289 of 400 (Helix vs Stockfish)
Finished game 289 (Helix vs Stockfish): 1-0 {White wins by adjudication}
Score of Helix vs Stockfish: 208 - 54 - 26  [0.767] 288
Started game 290 of 400 (Stockfish vs Helix)
Finished game 288 (Stockfish vs Helix): 0-1 {Black mates}
Score of Helix vs Stockfish: 209 - 54 - 26  [0.768] 289
Started game 291 of 400 (Helix vs Stockfish)
Finished game 290 (Stockfish vs Helix): 0-1 {Black wins by adjudication}
Score of Helix vs Stockfish: 210 - 54 - 26  [0.769] 290
Started game 292 of 400 (Stockfish vs Helix)
Finished game 291 (Helix vs Stockfish): 1-0 {White wins by adjudication}
Score of Helix vs Stockfish: 211 - 54 - 26  [0.770] 291
Started game 293 of 400 (Helix vs Stockfish)
Finished game 293 (Helix vs Stockfish): 1-0 {White wins by adjudication}
Score of Helix vs Stockfish: 212 - 54 - 26  [0.771] 292
Started game 294 of 400 (Stockfish vs Helix)
Finished game 292 (Stockfish vs Helix): 1-0 {White wins by adjudication}
Score of Helix vs Stockfish: 212 - 55 - 26  [0.768] 293
Started game 295 of 400 (Helix vs Stockfish)
Finished game 294 (Stockfish vs Helix): 0-1 {Black wins by adjudication}
Score of Helix vs Stockfish: 213 - 55 - 26  [0.769] 294
Started game 296 of 400 (Stockfish vs Helix)
Finished game 295 (Helix vs Stockfish): 1-0 {White wins by adjudication}
Score of Helix vs Stockfish: 214 - 55 - 26  [0.769] 295
Started game 297 of 400 (Helix vs Stockfish)
Finished game 297 (Helix vs Stockfish): 0-1 {Black wins by adjudication}
Score of Helix vs Stockfish: 214 - 56 - 26  [0.767] 296
Started game 298 of 400 (Stockfish vs Helix)
Finished game 296 (Stockfish vs Helix): 0-1 {Black wins by adjudication}
Score of Helix vs Stockfish: 215 - 56 - 26  [0.768] 297
Started game 299 of 400 (Helix vs Stockfish)
Finished game 298 (Stockfish vs Helix): 0-1 {Black wins by adjudication}
Score of Helix vs Stockfish: 216 - 56 - 26  [0.768] 298
Started game 300 of 400 (Stockfish vs Helix)
Finished game 299 (Helix vs Stockfish): 1-0 {White wins by adjudication}
Score of Helix vs Stockfish: 217 - 56 - 26  [0.769] 299
Started game 301 of 400 (Helix vs Stockfish)
Finished game 300 (Stockfish vs Helix): 0-1 {Black wins by adjudication}
Score of Helix vs Stockfish: 218 - 56 - 26  [0.770] 300
Started game 302 of 400 (Stockfish vs Helix)
Finished game 301 (Helix vs Stockfish): 1-0 {White wins by adjudication}
Score of Helix vs Stockfish: 219 - 56 - 26  [0.771] 301
Started game 303 of 400 (Helix vs Stockfish)
Finished game 302 (Stockfish vs Helix): 0-1 {Black wins by adjudication}
Score of Helix vs Stockfish: 220 - 56 - 26  [0.772] 302
Started game 304 of 400 (Stockfish vs Helix)
Finished game 303 (Helix vs Stockfish): 1-0 {White wins by adjudication}
Score of Helix vs Stockfish: 221 - 56 - 26  [0.772] 303
Started game 305 of 400 (Helix vs Stockfish)
Finished game 304 (Stockfish vs Helix): 1-0 {White wins by adjudication}
Score of Helix vs Stockfish: 221 - 57 - 26  [0.770] 304
Started game 306 of 400 (Stockfish vs Helix)
Finished game 305 (Helix vs Stockfish): 1-0 {White wins by adjudication}
Score of Helix vs Stockfish: 222 - 57 - 26  [0.770] 305
Started game 307 of 400 (Helix vs Stockfish)
Finished game 306 (Stockfish vs Helix): 1-0 {White wins by adjudication}
Score of Helix vs Stockfish: 222 - 58 - 26  [0.768] 306
Started game 308 of 400 (Stockfish vs Helix)
Finished game 307 (Helix vs Stockfish): 1-0 {White wins by adjudication}
Score of Helix vs Stockfish: 223 - 58 - 26  [0.769] 307
Started game 309 of 400 (Helix vs Stockfish)
Finished game 308 (Stockfish vs Helix): 0-1 {Black wins by adjudication}
Score of Helix vs Stockfish: 224 - 58 - 26  [0.769] 308
Started game 310 of 400 (Stockfish vs Helix)
Finished game 309 (Helix vs Stockfish): 1/2-1/2 {Draw by 3-fold repetition}
Score of Helix vs Stockfish: 224 - 58 - 27  [0.769] 309
Started game 311 of 400 (Helix vs Stockfish)
Finished game 310 (Stockfish vs Helix): 0-1 {Black wins by adjudication}
Score of Helix vs Stockfish: 225 - 58 - 27  [0.769] 310
Started game 312 of 400 (Stockfish vs Helix)
Finished game 311 (Helix vs Stockfish): 0-1 {Black wins by adjudication}
Score of Helix vs Stockfish: 225 - 59 - 27  [0.767] 311
Started game 313 of 400 (Helix vs Stockfish)
Finished game 312 (Stockfish vs Helix): 0-1 {Black wins by adjudication}
Score of Helix vs Stockfish: 226 - 59 - 27  [0.768] 312
Started game 314 of 400 (Stockfish vs Helix)
Finished game 313 (Helix vs Stockfish): 0-1 {Black wins by adjudication}
Score of Helix vs Stockfish: 226 - 60 - 27  [0.765] 313
Started game 315 of 400 (Helix vs Stockfish)
Finished game 314 (Stockfish vs Helix): 0-1 {Black wins by adjudication}
Score of Helix vs Stockfish: 227 - 60 - 27  [0.766] 314
Started game 316 of 400 (Stockfish vs Helix)
Finished game 315 (Helix vs Stockfish): 1-0 {White wins by adjudication}
Score of Helix vs Stockfish: 228 - 60 - 27  [0.767] 315
Started game 317 of 400 (Helix vs Stockfish)
Finished game 316 (Stockfish vs Helix): 0-1 {Black wins by adjudication}
Score of Helix vs Stockfish: 229 - 60 - 27  [0.767] 316
Started game 318 of 400 (Stockfish vs Helix)
Finished game 317 (Helix vs Stockfish): 1-0 {White wins by adjudication}
Score of Helix vs Stockfish: 230 - 60 - 27  [0.768] 317
Started game 319 of 400 (Helix vs Stockfish)
Finished game 318 (Stockfish vs Helix): 1-0 {White wins by adjudication}
Score of Helix vs Stockfish: 230 - 61 - 27  [0.766] 318
Started game 320 of 400 (Stockfish vs Helix)
Finished game 319 (Helix vs Stockfish): 1/2-1/2 {Draw by 3-fold repetition}
Score of Helix vs Stockfish: 230 - 61 - 28  [0.765] 319
Started game 321 of 400 (Helix vs Stockfish)
Finished game 320 (Stockfish vs Helix): 0-1 {Black wins by adjudication}
Score of Helix vs Stockfish: 231 - 61 - 28  [0.766] 320
Started game 322 of 400 (Stockfish vs Helix)
Finished game 321 (Helix vs Stockfish): 1-0 {White wins by adjudication}
Score of Helix vs Stockfish: 232 - 61 - 28  [0.766] 321
Started game 323 of 400 (Helix vs Stockfish)
Finished game 322 (Stockfish vs Helix): 0-1 {Black wins by adjudication}
Score of Helix vs Stockfish: 233 - 61 - 28  [0.767] 322
Started game 324 of 400 (Stockfish vs Helix)
Finished game 323 (Helix vs Stockfish): 0-1 {Black wins by adjudication}
Score of Helix vs Stockfish: 233 - 62 - 28  [0.765] 323
Started game 325 of 400 (Helix vs Stockfish)
Finished game 324 (Stockfish vs Helix): 1-0 {White wins by adjudication}
Score of Helix vs Stockfish: 233 - 63 - 28  [0.762] 324
Started game 326 of 400 (Stockfish vs Helix)
Finished game 325 (Helix vs Stockfish): 1-0 {White wins by adjudication}
Score of Helix vs Stockfish: 234 - 63 - 28  [0.763] 325
Started game 327 of 400 (Helix vs Stockfish)
Finished game 326 (Stockfish vs Helix): 0-1 {Black wins by adjudication}
Score of Helix vs Stockfish: 235 - 63 - 28  [0.764] 326
Started game 328 of 400 (Stockfish vs Helix)
Finished game 327 (Helix vs Stockfish): 0-1 {Black wins by adjudication}
Score of Helix vs Stockfish: 235 - 64 - 28  [0.761] 327
Started game 329 of 400 (Helix vs Stockfish)
Finished game 328 (Stockfish vs Helix): 0-1 {Black wins by adjudication}
Score of Helix vs Stockfish: 236 - 64 - 28  [0.762] 328
Started game 330 of 400 (Stockfish vs Helix)
Finished game 330 (Stockfish vs Helix): 0-1 {Black wins by adjudication}
Score of Helix vs Stockfish: 237 - 64 - 28  [0.763] 329
Started game 331 of 400 (Helix vs Stockfish)
Finished game 329 (Helix vs Stockfish): 1-0 {White wins by adjudication}
Score of Helix vs Stockfish: 238 - 64 - 28  [0.764] 330
Started game 332 of 400 (Stockfish vs Helix)
Finished game 331 (Helix vs Stockfish): 1-0 {White wins by adjudication}
Score of Helix vs Stockfish: 239 - 64 - 28  [0.764] 331
Started game 333 of 400 (Helix vs Stockfish)
Finished game 332 (Stockfish vs Helix): 0-1 {Black wins by adjudication}
Score of Helix vs Stockfish: 240 - 64 - 28  [0.765] 332
Started game 334 of 400 (Stockfish vs Helix)
Finished game 334 (Stockfish vs Helix): 0-1 {Black wins by adjudication}
Score of Helix vs Stockfish: 241 - 64 - 28  [0.766] 333
Started game 335 of 400 (Helix vs Stockfish)
Finished game 333 (Helix vs Stockfish): 1-0 {White wins by adjudication}
Score of Helix vs Stockfish: 242 - 64 - 28  [0.766] 334
Started game 336 of 400 (Stockfish vs Helix)
Finished game 335 (Helix vs Stockfish): 1-0 {White wins by adjudication}
Score of Helix vs Stockfish: 243 - 64 - 28  [0.767] 335
Started game 337 of 400 (Helix vs Stockfish)
Finished game 336 (Stockfish vs Helix): 0-1 {Black wins by adjudication}
Score of Helix vs Stockfish: 244 - 64 - 28  [0.768] 336
Started game 338 of 400 (Stockfish vs Helix)
Finished game 337 (Helix vs Stockfish): 1-0 {White wins by adjudication}
Score of Helix vs Stockfish: 245 - 64 - 28  [0.769] 337
Started game 339 of 400 (Helix vs Stockfish)
Finished game 338 (Stockfish vs Helix): 1/2-1/2 {Draw by 3-fold repetition}
Score of Helix vs Stockfish: 245 - 64 - 29  [0.768] 338
Started game 340 of 400 (Stockfish vs Helix)
Finished game 339 (Helix vs Stockfish): 1-0 {White wins by adjudication}
Score of Helix vs Stockfish: 246 - 64 - 29  [0.768] 339
Started game 341 of 400 (Helix vs Stockfish)
Finished game 340 (Stockfish vs Helix): 0-1 {Black wins by adjudication}
Score of Helix vs Stockfish: 247 - 64 - 29  [0.769] 340
Started game 342 of 400 (Stockfish vs Helix)
Finished game 341 (Helix vs Stockfish): 1-0 {White wins by adjudication}
Score of Helix vs Stockfish: 248 - 64 - 29  [0.770] 341
Started game 343 of 400 (Helix vs Stockfish)
Finished game 342 (Stockfish vs Helix): 0-1 {Black wins by adjudication}
Score of Helix vs Stockfish: 249 - 64 - 29  [0.770] 342
Started game 344 of 400 (Stockfish vs Helix)
Finished game 343 (Helix vs Stockfish): 1-0 {White wins by adjudication}
Score of Helix vs Stockfish: 250 - 64 - 29  [0.771] 343
Started game 345 of 400 (Helix vs Stockfish)
Finished game 344 (Stockfish vs Helix): 0-1 {Black wins by adjudication}
Score of Helix vs Stockfish: 251 - 64 - 29  [0.772] 344
Started game 346 of 400 (Stockfish vs Helix)
Finished game 345 (Helix vs Stockfish): 1-0 {White wins by adjudication}
Score of Helix vs Stockfish: 252 - 64 - 29  [0.772] 345
Started game 347 of 400 (Helix vs Stockfish)
Finished game 346 (Stockfish vs Helix): 0-1 {Black wins by adjudication}
Score of Helix vs Stockfish: 253 - 64 - 29  [0.773] 346
Started game 348 of 400 (Stockfish vs Helix)
Finished game 347 (Helix vs Stockfish): 0-1 {Black wins by adjudication}
Score of Helix vs Stockfish: 253 - 65 - 29  [0.771] 347
Started game 349 of 400 (Helix vs Stockfish)
Finished game 348 (Stockfish vs Helix): 0-1 {Black wins by adjudication}
Score of Helix vs Stockfish: 254 - 65 - 29  [0.772] 348
Started game 350 of 400 (Stockfish vs Helix)
Finished game 349 (Helix vs Stockfish): 1-0 {White wins by adjudication}
Score of Helix vs Stockfish: 255 - 65 - 29  [0.772] 349
Started game 351 of 400 (Helix vs Stockfish)
Finished game 350 (Stockfish vs Helix): 0-1 {Black wins by adjudication}
Score of Helix vs Stockfish: 256 - 65 - 29  [0.773] 350
Started game 352 of 400 (Stockfish vs Helix)
Finished game 352 (Stockfish vs Helix): 0-1 {Black wins by adjudication}
Score of Helix vs Stockfish: 257 - 65 - 29  [0.774] 351
Started game 353 of 400 (Helix vs Stockfish)
Finished game 351 (Helix vs Stockfish): 0-1 {Black wins by adjudication}
Score of Helix vs Stockfish: 257 - 66 - 29  [0.771] 352
Started game 354 of 400 (Stockfish vs Helix)
Finished game 353 (Helix vs Stockfish): 1-0 {White wins by adjudication}
Score of Helix vs Stockfish: 258 - 66 - 29  [0.772] 353
Started game 355 of 400 (Helix vs Stockfish)
Finished game 354 (Stockfish vs Helix): 0-1 {Black wins by adjudication}
Score of Helix vs Stockfish: 259 - 66 - 29  [0.773] 354
Started game 356 of 400 (Stockfish vs Helix)
Finished game 355 (Helix vs Stockfish): 1-0 {White wins by adjudication}
Score of Helix vs Stockfish: 260 - 66 - 29  [0.773] 355
Started game 357 of 400 (Helix vs Stockfish)
Finished game 356 (Stockfish vs Helix): 0-1 {Black wins by adjudication}
Score of Helix vs Stockfish: 261 - 66 - 29  [0.774] 356
Started game 358 of 400 (Stockfish vs Helix)
Finished game 357 (Helix vs Stockfish): 0-1 {Black wins by adjudication}
Score of Helix vs Stockfish: 261 - 67 - 29  [0.772] 357
Started game 359 of 400 (Helix vs Stockfish)
Finished game 358 (Stockfish vs Helix): 1/2-1/2 {Draw by 3-fold repetition}
Score of Helix vs Stockfish: 261 - 67 - 30  [0.771] 358
Started game 360 of 400 (Stockfish vs Helix)
Finished game 359 (Helix vs Stockfish): 1-0 {White wins by adjudication}
Score of Helix vs Stockfish: 262 - 67 - 30  [0.772] 359
Started game 361 of 400 (Helix vs Stockfish)
Finished game 360 (Stockfish vs Helix): 1-0 {White wins by adjudication}
Score of Helix vs Stockfish: 262 - 68 - 30  [0.769] 360
Started game 362 of 400 (Stockfish vs Helix)
Finished game 361 (Helix vs Stockfish): 1-0 {White wins by adjudication}
Score of Helix vs Stockfish: 263 - 68 - 30  [0.770] 361
Started game 363 of 400 (Helix vs Stockfish)
Finished game 362 (Stockfish vs Helix): 1-0 {White wins by adjudication}
Score of Helix vs Stockfish: 263 - 69 - 30  [0.768] 362
Started game 364 of 400 (Stockfish vs Helix)
Finished game 363 (Helix vs Stockfish): 0-1 {Black wins by adjudication}
Score of Helix vs Stockfish: 263 - 70 - 30  [0.766] 363
Started game 365 of 400 (Helix vs Stockfish)
Finished game 364 (Stockfish vs Helix): 1-0 {White wins by adjudication}
Score of Helix vs Stockfish: 263 - 71 - 30  [0.764] 364
Started game 366 of 400 (Stockfish vs Helix)
Finished game 365 (Helix vs Stockfish): 1-0 {White wins by adjudication}
Score of Helix vs Stockfish: 264 - 71 - 30  [0.764] 365
Started game 367 of 400 (Helix vs Stockfish)
Finished game 366 (Stockfish vs Helix): 0-1 {Black wins by adjudication}
Score of Helix vs Stockfish: 265 - 71 - 30  [0.765] 366
Started game 368 of 400 (Stockfish vs Helix)
Finished game 367 (Helix vs Stockfish): 1-0 {White wins by adjudication}
Score of Helix vs Stockfish: 266 - 71 - 30  [0.766] 367
Started game 369 of 400 (Helix vs Stockfish)
Finished game 368 (Stockfish vs Helix): 1-0 {White wins by adjudication}
Score of Helix vs Stockfish: 266 - 72 - 30  [0.764] 368
Started game 370 of 400 (Stockfish vs Helix)
Finished game 369 (Helix vs Stockfish): 1-0 {White wins by adjudication}
Score of Helix vs Stockfish: 267 - 72 - 30  [0.764] 369
Started game 371 of 400 (Helix vs Stockfish)
Finished game 370 (Stockfish vs Helix): 0-1 {Black wins by adjudication}
Score of Helix vs Stockfish: 268 - 72 - 30  [0.765] 370
Started game 372 of 400 (Stockfish vs Helix)
Finished game 371 (Helix vs Stockfish): 1-0 {White wins by adjudication}
Score of Helix vs Stockfish: 269 - 72 - 30  [0.765] 371
Started game 373 of 400 (Helix vs Stockfish)
Finished game 372 (Stockfish vs Helix): 1-0 {White wins by adjudication}
Score of Helix vs Stockfish: 269 - 73 - 30  [0.763] 372
Started game 374 of 400 (Stockfish vs Helix)
Finished game 373 (Helix vs Stockfish): 1-0 {White wins by adjudication}
Score of Helix vs Stockfish: 270 - 73 - 30  [0.764] 373
Started game 375 of 400 (Helix vs Stockfish)
Finished game 374 (Stockfish vs Helix): 1/2-1/2 {Draw by 3-fold repetition}
Score of Helix vs Stockfish: 270 - 73 - 31  [0.763] 374
Started game 376 of 400 (Stockfish vs Helix)
Finished game 375 (Helix vs Stockfish): 1-0 {White wins by adjudication}
Score of Helix vs Stockfish: 271 - 73 - 31  [0.764] 375
Started game 377 of 400 (Helix vs Stockfish)
Finished game 376 (Stockfish vs Helix): 1/2-1/2 {Draw by 3-fold repetition}
Score of Helix vs Stockfish: 271 - 73 - 32  [0.763] 376
Started game 378 of 400 (Stockfish vs Helix)
Finished game 377 (Helix vs Stockfish): 1-0 {White wins by adjudication}
Score of Helix vs Stockfish: 272 - 73 - 32  [0.764] 377
Started game 379 of 400 (Helix vs Stockfish)
Finished game 378 (Stockfish vs Helix): 1/2-1/2 {Draw by 3-fold repetition}
Score of Helix vs Stockfish: 272 - 73 - 33  [0.763] 378
Started game 380 of 400 (Stockfish vs Helix)
Finished game 379 (Helix vs Stockfish): 1/2-1/2 {Draw by 3-fold repetition}
Score of Helix vs Stockfish: 272 - 73 - 34  [0.763] 379
Started game 381 of 400 (Helix vs Stockfish)
Finished game 380 (Stockfish vs Helix): 1/2-1/2 {Draw by 3-fold repetition}
Score of Helix vs Stockfish: 272 - 73 - 35  [0.762] 380
Started game 382 of 400 (Stockfish vs Helix)
Finished game 381 (Helix vs Stockfish): 1-0 {White wins by adjudication}
Score of Helix vs Stockfish: 273 - 73 - 35  [0.762] 381
Started game 383 of 400 (Helix vs Stockfish)
Finished game 382 (Stockfish vs Helix): 0-1 {Black wins by adjudication}
Score of Helix vs Stockfish: 274 - 73 - 35  [0.763] 382
Started game 384 of 400 (Stockfish vs Helix)
Finished game 383 (Helix vs Stockfish): 1-0 {White wins by adjudication}
Score of Helix vs Stockfish: 275 - 73 - 35  [0.764] 383
Started game 385 of 400 (Helix vs Stockfish)
Finished game 384 (Stockfish vs Helix): 0-1 {Black wins by adjudication}
Score of Helix vs Stockfish: 276 - 73 - 35  [0.764] 384
Started game 386 of 400 (Stockfish vs Helix)
Finished game 385 (Helix vs Stockfish): 1-0 {White wins by adjudication}
Score of Helix vs Stockfish: 277 - 73 - 35  [0.765] 385
Started game 387 of 400 (Helix vs Stockfish)
Finished game 386 (Stockfish vs Helix): 0-1 {Black wins by adjudication}
Score of Helix vs Stockfish: 278 - 73 - 35  [0.766] 386
Started game 388 of 400 (Stockfish vs Helix)
Finished game 387 (Helix vs Stockfish): 1-0 {White wins by adjudication}
Score of Helix vs Stockfish: 279 - 73 - 35  [0.766] 387
Started game 389 of 400 (Helix vs Stockfish)
Finished game 388 (Stockfish vs Helix): 0-1 {Black wins by adjudication}
Score of Helix vs Stockfish: 280 - 73 - 35  [0.767] 388
Started game 390 of 400 (Stockfish vs Helix)
Finished game 389 (Helix vs Stockfish): 1-0 {White mates}
Score of Helix vs Stockfish: 281 - 73 - 35  [0.767] 389
Started game 391 of 400 (Helix vs Stockfish)
Finished game 390 (Stockfish vs Helix): 0-1 {Black wins by adjudication}
Score of Helix vs Stockfish: 282 - 73 - 35  [0.768] 390
Started game 392 of 400 (Stockfish vs Helix)
Finished game 391 (Helix vs Stockfish): 0-1 {Black wins by adjudication}
Score of Helix vs Stockfish: 282 - 74 - 35  [0.766] 391
Started game 393 of 400 (Helix vs Stockfish)
Finished game 392 (Stockfish vs Helix): 0-1 {Black wins by adjudication}
Score of Helix vs Stockfish: 283 - 74 - 35  [0.767] 392
Started game 394 of 400 (Stockfish vs Helix)
Finished game 393 (Helix vs Stockfish): 0-1 {Black wins by adjudication}
Score of Helix vs Stockfish: 283 - 75 - 35  [0.765] 393
Started game 395 of 400 (Helix vs Stockfish)
Finished game 394 (Stockfish vs Helix): 1-0 {White wins by adjudication}
Score of Helix vs Stockfish: 283 - 76 - 35  [0.763] 394
Started game 396 of 400 (Stockfish vs Helix)
Finished game 395 (Helix vs Stockfish): 1-0 {White wins by adjudication}
Score of Helix vs Stockfish: 284 - 76 - 35  [0.763] 395
Started game 397 of 400 (Helix vs Stockfish)
Finished game 396 (Stockfish vs Helix): 1/2-1/2 {Draw by 3-fold repetition}
Score of Helix vs Stockfish: 284 - 76 - 36  [0.763] 396
Started game 398 of 400 (Stockfish vs Helix)
Finished game 397 (Helix vs Stockfish): 1-0 {White wins by adjudication}
Score of Helix vs Stockfish: 285 - 76 - 36  [0.763] 397
Started game 399 of 400 (Helix vs Stockfish)
Finished game 398 (Stockfish vs Helix): 0-1 {Black wins by adjudication}
Score of Helix vs Stockfish: 286 - 76 - 36  [0.764] 398
Started game 400 of 400 (Stockfish vs Helix)
Finished game 400 (Stockfish vs Helix): 0-1 {Black wins by adjudication}
Score of Helix vs Stockfish: 287 - 76 - 36  [0.764] 399
Finished game 399 (Helix vs Stockfish): 1-0 {White wins by adjudication}
Score of Helix vs Stockfish: 288 - 76 - 36  [0.765] 400
...      Helix playing White: 138 - 40 - 22  [0.745] 200
...      Helix playing Black: 150 - 36 - 14  [0.785] 200
...      White vs Black: 174 - 190 - 36  [0.480] 400
Elo difference: 205.0 +/- 37.8, LOS: 100.0 %, DrawRatio: 9.0 %
SPRT: llr 0 (0.0%), lbound -inf, ubound inf

Player: Helix
   "Draw by 3-fold repetition": 34
   "Draw by insufficient mating material": 2
   "Loss: Black wins by adjudication": 40
   "Loss: White mates": 1
   "Loss: White wins by adjudication": 35
   "Win: Black mates": 5
   "Win: Black wins by adjudication": 145
   "Win: White mates": 3
   "Win: White wins by adjudication": 135
Player: Stockfish
   "Draw by 3-fold repetition": 34
   "Draw by insufficient mating material": 2
   "Loss: Black mates": 5
   "Loss: Black wins by adjudication": 145
   "Loss: White mates": 3
   "Loss: White wins by adjudication": 135
   "Win: Black wins by adjudication": 40
   "Win: White mates": 1
   "Win: White wins by adjudication": 35
Finished match
